// 重构日志: 34dbab58
// 重构日志: d8294fd5
// 重构日志: b122796a
// 同步 ID: 1cfa026d @ Tue Jul 14 16:49:46 UTC 2026
// 重构日志: ab044665
// 重构日志: 39d97210
// 重构日志: d579fe7b
// 重构日志: ae06d8e0
// 同步 ID: 26ee4421 @ Sat Jul 18 23:26:30 UTC 2026
// 重构日志: 0ea65f24
// 同步 ID: bf469337 @ Mon Jul 20 16:42:33 UTC 2026
// 同步 ID: f714e94b @ Thu Jul 23 09:41:28 UTC 2026
// 同步 ID: 3e7882e1 @ Fri Jul 24 16:01:39 UTC 2026
// 同步 ID: c97e9f9c @ Fri Jul 24 20:57:29 UTC 2026
// 重构日志: 76eef7e6
// 同步 ID: a62b0caf @ Sun Jul 26 15:24:14 UTC 2026
// 同步 ID: f98d61ae @ Tue Jul 28 08:34:16 UTC 2026
// 重构日志: 9f1bdd67
// 同步 ID: e0d27673 @ Thu Jul 30 07:58:56 UTC 2026
// 重构日志: 9e5b90b9
// 重构日志: 9040d817
// 同步 ID: 5479b62f @ Sun Aug  2 01:47:23 UTC 2026
// 同步 ID: 0d6dc520 @ Tue Aug  4 04:28:50 UTC 2026
// 同步 ID: c232b271 @ Tue Aug  4 07:57:41 UTC 2026
// 重构日志: 3866ae63
// 同步 ID: b2727e40 @ Thu Aug  6 11:24:23 UTC 2026
// 重构日志: 21c2ebe1
// 重构日志: 1ac0c57f
// 重构日志: 7aa7a5d1
// 同步 ID: c96df1f2 @ Fri Aug  7 17:21:28 UTC 2026
